[0.022s][info][gc] Using G1
[0.972s][info][gc] GC(0) Pause Young (Concurrent Start) (Metadata GC Threshold) 43M->5M(1024M) 7.607ms
[0.972s][info][gc] GC(1) Concurrent Cycle
[0.975s][info][gc] GC(1) Pause Remark 5M->5M(1024M) 0.860ms
[0.975s][info][gc] GC(1) Pause Cleanup 5M->5M(1024M) 0.113ms
[0.979s][info][gc] GC(1) Concurrent Cycle 7.336ms
[6.932s][info][gc] GC(2) Pause Young (Normal) (G1 Evacuation Pause) 91M->7M(1024M) 4.577ms
[136.133s][info][gc] GC(3) Pause Young (Normal) (G1 Evacuation Pause) 131M->6M(1024M) 4.696ms
[726.105s][info][gc] GC(4) Pause Young (Normal) (G1 Evacuation Pause) 490M->5M(1024M) 5.860ms
[1447.296s][info][gc] GC(5) Pause Young (Normal) (G1 Evacuation Pause) 613M->6M(1024M) 6.795ms
